  MKDIR    .output/libbpf
  LIB      libbpf.a
  MKDIR    /home/dj/Downloads/pamspy-skimmer/src/.output//libbpf/staticobjs
  CC       /home/dj/Downloads/pamspy-skimmer/src/.output//libbpf/staticobjs/bpf.o
  CC       /home/dj/Downloads/pamspy-skimmer/src/.output//libbpf/staticobjs/btf.o
  CC       /home/dj/Downloads/pamspy-skimmer/src/.output//libbpf/staticobjs/libbpf.o
  CC       /home/dj/Downloads/pamspy-skimmer/src/.output//libbpf/staticobjs/libbpf_errno.o
  CC       /home/dj/Downloads/pamspy-skimmer/src/.output//libbpf/staticobjs/netlink.o
  CC       /home/dj/Downloads/pamspy-skimmer/src/.output//libbpf/staticobjs/nlattr.o
  CC       /home/dj/Downloads/pamspy-skimmer/src/.output//libbpf/staticobjs/str_error.o
  CC       /home/dj/Downloads/pamspy-skimmer/src/.output//libbpf/staticobjs/libbpf_probes.o
  CC       /home/dj/Downloads/pamspy-skimmer/src/.output//libbpf/staticobjs/bpf_prog_linfo.o
  CC       /home/dj/Downloads/pamspy-skimmer/src/.output//libbpf/staticobjs/xsk.o
  CC       /home/dj/Downloads/pamspy-skimmer/src/.output//libbpf/staticobjs/btf_dump.o
  CC       /home/dj/Downloads/pamspy-skimmer/src/.output//libbpf/staticobjs/hashmap.o
  CC       /home/dj/Downloads/pamspy-skimmer/src/.output//libbpf/staticobjs/ringbuf.o
  CC       /home/dj/Downloads/pamspy-skimmer/src/.output//libbpf/staticobjs/strset.o
  CC       /home/dj/Downloads/pamspy-skimmer/src/.output//libbpf/staticobjs/linker.o
  CC       /home/dj/Downloads/pamspy-skimmer/src/.output//libbpf/staticobjs/gen_loader.o
  CC       /home/dj/Downloads/pamspy-skimmer/src/.output//libbpf/staticobjs/relo_core.o
  CC       /home/dj/Downloads/pamspy-skimmer/src/.output//libbpf/staticobjs/usdt.o
  AR       /home/dj/Downloads/pamspy-skimmer/src/.output//libbpf/libbpf.a
  INSTALL  bpf.h libbpf.h btf.h libbpf_common.h libbpf_legacy.h xsk.h bpf_helpers.h bpf_helper_defs.h bpf_tracing.h bpf_endian.h bpf_core_read.h skel_internal.h libbpf_version.h usdt.bpf.h
  INSTALL  /home/dj/Downloads/pamspy-skimmer/src/.output//libbpf/libbpf.pc
  INSTALL  /home/dj/Downloads/pamspy-skimmer/src/.output//libbpf/libbpf.a 
  BPF      .output/pamspy.bpf.o
  GEN-SKEL .output/pamspy.skel.h
  MKDIR    .output
  CC       .output/pamspy.o
  CC       .output/pamspy_symbol.o
  MKDIR    bin
  BINARY   pamspy
